// Jest Snapshot v1, https://goo.gl/fbAQLP

exports[`it renders 1`] = `
<div
  className="component"
>
  <SEO
    description="Learn smart contract programming using sCrypt"
    title="sCrypt by Example"
  />
  <h1
    className="header"
  >
    <a
      href="/"
    >
      sCrypt by Example
    </a>
  </h1>
  <div
    className="subHeader"
  />
  <div
    className="main"
  >
    <p>
      an introduction to 
      <a
        href="https://scrypt.io/"
      >
        sCrypt
      </a>
       with simple examples
    </p>
    <div
      className="youTube"
    >
      <img
        alt="logo"
        className="youTubeLogo"
        src="youtube.svg"
      />
      <a
        href="https://www.youtube.com/watch?v=xPfCM6gBl-Y&list=PL0Kn1t30VSpG4Fu2ze81uDptBd1ZML99A"
        target="__blank"
      >
        Learning sCrypt video playlist.
      </a>
    </div>
    <div
      className="updates"
    >
      <div
        key="0"
      />
    </div>
    <div
      key="0"
    >
      <ul
        className="list"
      >
        <li
          className="listItem"
          key="hello-world"
        >
          <a
            href="hello-world"
          >
            Hello World
          </a>
        </li>
        <li
          className="listItem"
          key="constructor"
        >
          <a
            href="constructor"
          >
            Constructor
          </a>
        </li>
        <li
          className="listItem"
          key="require"
        >
          <a
            href="require"
          >
            Require
          </a>
        </li>
        <li
          className="listItem"
          key="basic-types"
        >
          <a
            href="basic-types"
          >
            Basic Types
          </a>
        </li>
        <li
          className="listItem"
          key="array-types"
        >
          <a
            href="array-types"
          >
            Array Types
          </a>
        </li>
        <li
          className="listItem"
          key="struct-types"
        >
          <a
            href="struct-types"
          >
            Struct Types
          </a>
        </li>
        <li
          className="listItem"
          key="type-inference"
        >
          <a
            href="type-inference"
          >
            Type Inference
          </a>
        </li>
        <li
          className="listItem"
          key="type-aliases"
        >
          <a
            href="type-aliases"
          >
            Type Aliases
          </a>
        </li>
        <li
          className="listItem"
          key="generics"
        >
          <a
            href="generics"
          >
            Generics
          </a>
        </li>
        <li
          className="listItem"
          key="const-variables"
        >
          <a
            href="const-variables"
          >
            Const Variables
          </a>
        </li>
        <li
          className="listItem"
          key="public-function"
        >
          <a
            href="public-function"
          >
            Public Function
          </a>
        </li>
        <li
          className="listItem"
          key="contract-private-functions"
        >
          <a
            href="contract-private-functions"
          >
            Contract-Private Functions
          </a>
        </li>
        <li
          className="listItem"
          key="exit"
        >
          <a
            href="exit"
          >
            Exit
          </a>
        </li>
        <li
          className="listItem"
          key="code-seperator"
        >
          <a
            href="code-seperator"
          >
            Code seperator
          </a>
        </li>
        <li
          className="listItem"
          key="access-modifiers"
        >
          <a
            href="access-modifiers"
          >
            Access Modifiers
          </a>
        </li>
        <li
          className="listItem"
          key="operators"
        >
          <a
            href="operators"
          >
            Operators
          </a>
        </li>
        <li
          className="listItem"
          key="scoping"
        >
          <a
            href="scoping"
          >
            Scoping
          </a>
        </li>
        <li
          className="listItem"
          key="static"
        >
          <a
            href="static"
          >
            Static
          </a>
        </li>
        <li
          className="listItem"
          key="loop"
        >
          <a
            href="loop"
          >
            Loop
          </a>
        </li>
        <li
          className="listItem"
          key="library"
        >
          <a
            href="library"
          >
            Library
          </a>
        </li>
        <li
          className="listItem"
          key="import"
        >
          <a
            href="import"
          >
            Import
          </a>
        </li>
        <li
          className="listItem"
          key="statefull-contract"
        >
          <a
            href="statefull-contract"
          >
            Statefull Contract
          </a>
        </li>
      </ul>
    </div>
  </div>
</div>
`;
