// Jest Snapshot v1, https://goo.gl/fbAQLP

exports[`it renders 1`] = `
<Example
  description="Scoping in sCrypt"
  html="<p>Scoping in sCrypt follows the prevailing scoping rules of C99 and Solidity. Outer scope variable is shadowed by the inner scope variable of the same name.</p>
"
  title="Scoping"
  version="0.1.0"
/>
`;
